# = Caracter
include = Identificador
< = Caracter
stdio = Identificador
> = Caracter
{ = Caracter
2 = Caracter
3 = Caracter
0 = Caracter
/ = Caracter
/ = Caracter
Numero = Identificador
entero = Identificador
2 = Caracter
3 = Caracter
0 = Caracter
e = Identificador
- = Caracter
3 = Caracter
0 = Caracter
2 = Caracter
3 = Caracter
0 = Caracter
e = Identificador
+ = Caracter
3 = Caracter
0 = Caracter
2 = Caracter
3 = Caracter
0 = Caracter
. = Caracter
3 = Caracter
0 = Caracter
e = Identificador
3 = Caracter
0 = Caracter
2 = Caracter
3 = Caracter
0 = Caracter
. = Caracter
3 = Caracter
0 = Caracter
e = Identificador
- = Caracter
3 = Caracter
0 = Caracter
2 = Caracter
3 = Caracter
0 = Caracter
. = Caracter
3 = Caracter
0 = Caracter
e = Identificador
+ = Caracter
3 = Caracter
0 = Caracter
/ = Caracter
/ = Caracter
Numero = Identificador
en = Identificador
formato = Identificador
cientifico = Identificador
" = Caracter
hola = Identificador
mundo = Identificador
" = Caracter
# = Caracter
6 = Caracter
4 = Caracter
- = Caracter
' = Caracter
@ = Caracter
' = Caracter
/ = Caracter
* = Caracter
Hola = Identificador
mundo = Identificador
ITQ = Identificador
* = Caracter
/ = Caracter
radio = Identificador
; = Caracter
< = Caracter
< = Caracter
> = Caracter
> = Caracter
! = Caracter
! = Caracter
= = Caracter
= = Caracter
= = Caracter
= = Caracter
; = Caracter
& = Caracter
& = Caracter
& = Caracter
| = Caracter
| = Caracter
| = Caracter
+ = Caracter
+ = Caracter
+ = Caracter
- = Caracter
- = Caracter
- = Caracter
+ = Caracter
= = Caracter
- = Caracter
= = Caracter
* = Caracter
* = Caracter
= = Caracter
/ = Caracter
= = Caracter
% = Caracter
% = Caracter
= = Caracter
" = Caracter
" = Caracter
' = Caracter
' = Caracter
; = Caracter
- = Caracter
> = Caracter
( = Caracter
) = Caracter
} = Caracter
Numero de lineas: 20
